// Jest Snapshot v1, https://goo.gl/fbAQLP

exports[`<SuggestionInput /> renders correctly 1`] = `
<div
  aria-expanded={false}
  aria-haspopup="listbox"
  aria-owns="react-autowhatever-1"
  role="combobox"
  style={Object {}}
>
  <div
    aria-activedescendant={null}
    aria-autocomplete="list"
    aria-controls="react-autowhatever-1"
    className="MuiFormControl-root MuiTextField-root MuiFormControl-fullWidth"
    onKeyDown={[Function]}
    onKeyPress={[Function]}
    style={Object {}}
  >
    <label
      className="MuiFormLabel-root MuiInputLabel-root MuiInputLabel-formControl MuiInputLabel-animated"
      data-shrink={false}
    >
      label
    </label>
    <div
      className="MuiInputBase-root MuiInput-root MuiInput-underline MuiInputBase-fullWidth MuiInput-fullWidth MuiInputBase-formControl MuiInput-formControl"
      onClick={[Function]}
    >
      <input
        aria-invalid={false}
        autoComplete="off"
        className="MuiInputBase-input MuiInput-input"
        disabled={false}
        onBlur={[Function]}
        onChange={[Function]}
        onFocus={[Function]}
        placeholder="placeholder"
        required={false}
        type="text"
        value=""
      />
    </div>
  </div>
</div>
`;
